Microchip MPLAB XC8 Compiler V2.36

Linker command line:

-W-3 --edf=C:\Program Files\Microchip\xc8\v2.36\pic\dat\en_msgs.txt -cn \
  -h+dist/default/production\SensorBoard.X.production.sym \
  --cmf=dist/default/production\SensorBoard.X.production.cmf -z -Q18F46K40 \
  -oC:\Users\Taylo\AppData\Local\Temp\xcAs6k4.4 --defsym=__MPLAB_BUILD=1 \
  -Mdist/default/production/SensorBoard.X.production.map \
  --md=C:\Users\Taylo\AppData\Local\Temp\xcAs6k4.dat -E1 -ver=XC8 Compiler \
  --acfsm=1493 -ACODE=00h-0FFFFh -ACONST=00h-0FFFFh \
  -ASMALLCONST=0F00h-0FFFhx241 -AMEDIUMCONST=0F00h-0FFFFh -ACOMRAM=01h-05Fh \
  -AABS1=00h-0E87h -ABIGRAM=01h-0E87h \
  -ARAM=060h-0FFh,0100h-01FFhx13,0E00h-0E87h -ABANK0=060h-0FFh \
  -ABANK1=0100h-01FFh -ABANK2=0200h-02FFh -ABANK3=0300h-03FFh \
  -ABANK4=0400h-04FFh -ABANK5=0500h-05FFh -ABANK6=0600h-06FFh \
  -ABANK7=0700h-07FFh -ABANK8=0800h-08FFh -ABANK9=0900h-09FFh \
  -ABANK10=0A00h-0AFFh -ABANK11=0B00h-0BFFh -ABANK12=0C00h-0CFFh \
  -ABANK13=0D00h-0DFFh -ABANK14=0E00h-0E87h \
  -ASFR=0E8Dh-0EFFh,0F00h-0F5Fh,0F60h-0FFFh -ABIGSFR=0E8Dh-0FFFh \
  -ACONFIG=0300000h-030000Bh -AIDLOC=0200000h-020000Fh \
  -AEEDATA=0310000h-03103FFh -peeprom_data=EEDATA \
  -preset_vec=00h,intcode=08h,intcodelo,powerup,init -pramtop=0F00h \
  -psmallconst=SMALLCONST -pmediumconst=MEDIUMCONST -pconst=CONST \
  -AFARRAM=00h-00h \
  -prdata=COMRAM,nvrram=COMRAM,nvbit=COMRAM,rbss=COMRAM,rbit=COMRAM \
  -pfarbss=FARRAM,fardata=FARRAM,nvFARRAM=FARRAM \
  -pintsave_regs=BIGRAM,bigbss=BIGRAM,bigdata=BIGRAM -pbss=RAM \
  -pidata=CODE,irdata=CODE,ibigdata=CODE,ifardata=CODE -prparam=COMRAM \
  C:\Users\Taylo\AppData\Local\Temp\xcAs6k4.o \
  dist/default/production\SensorBoard.X.production.o 

Object code version is 3.11

Machine type is 18F46K40



                Name                               Link     Load   Length Selector   Space Scale
C:\Users\Taylo\AppData\Local\Temp\xcAs6k4.o
                idloc                            200000   200000       10        0       5
                config                           300000   300000        C        0       4
                init                                 6E       6E        4        4       0
                reset_vec                             0        0        4        0       0
dist/default/production\SensorBoard.X.production.o
                intcode                               8        8       66        4       0
                idloc                            200000   200000       10        0       5
                config                           300000   300000        C        0       4
                temp                                 3D       3D        1        1       1
                text27                              548      548       DE        4       0
                text26                              A3C      A3C        E        4       0
                text25                              A5A      A5A        8        4       0
                text24                              A52      A52        8        4       0
                text22                              916      916       2E        4       0
                text21                              96E      96E       28        4       0
                text20                              944      944       2A        4       0
                text19                              7CC      7CC       4C        4       0
                text18                              A62      A62        4        4       0
                text17                              9BA      9BA       1E        4       0
                text16                              A4A      A4A        8        4       0
                text15                              6B6      6B6       68        4       0
                text14                              432      432      116        4       0
                text13                              A08      A08       14        4       0
                text12                              77E      77E       4E        4       0
                text11                              860      860       3E        4       0
                text10                              A2E      A2E        E        4       0
                text9                               2C4      2C4      16E        4       0
                text8                               8DA      8DA       3C        4       0
                text7                                72       72      252        4       0
                text6                               89E      89E       3C        4       0
                text5                               A1C      A1C       12        4       0
                text4                               818      818       48        4       0
                text3                               9F2      9F2       16        4       0
                text2                               996      996       24        4       0
                text1                               71E      71E       60        4       0
                text0                               626      626       90        4       0
                cstackCOMRAM                         2F       2F        E        1       1
                bssCOMRAM                             1        1       2E        1       1
                cinit                               9D8      9D8       1A        4       0

TOTAL           Name                               Link     Load   Length     Space
        CLASS   CODE           
                intcode                               8        8       66         0
                init                                 6E       6E        4         0
                reset_vec                             0        0        4         0
                text27                              548      548       DE         0
                text26                              A3C      A3C        E         0
                text25                              A5A      A5A        8         0
                text24                              A52      A52        8         0
                text22                              916      916       2E         0
                text21                              96E      96E       28         0
                text20                              944      944       2A         0
                text19                              7CC      7CC       4C         0
                text18                              A62      A62        4         0
                text17                              9BA      9BA       1E         0
                text16                              A4A      A4A        8         0
                text15                              6B6      6B6       68         0
                text14                              432      432      116         0
                text13                              A08      A08       14         0
                text12                              77E      77E       4E         0
                text11                              860      860       3E         0
                text10                              A2E      A2E        E         0
                text9                               2C4      2C4      16E         0
                text8                               8DA      8DA       3C         0
                text7                                72       72      252         0
                text6                               89E      89E       3C         0
                text5                               A1C      A1C       12         0
                text4                               818      818       48         0
                text3                               9F2      9F2       16         0
                text2                               996      996       24         0
                text1                               71E      71E       60         0
                text0                               626      626       90         0
                cinit                               9D8      9D8       1A         0

        CLASS   CONST          

        CLASS   SMALLCONST     

        CLASS   MEDIUMCONST    

        CLASS   COMRAM         
                temp                                 3D       3D        1         1
                cstackCOMRAM                         2F       2F        E         1
                bssCOMRAM                             1        1       2E         1

        CLASS   ABS1           

        CLASS   BIGRAM         

        CLASS   RAM            

        CLASS   BANK0          

        CLASS   BANK1          

        CLASS   BANK2          

        CLASS   BANK3          

        CLASS   BANK4          

        CLASS   BANK5          

        CLASS   BANK6          

        CLASS   BANK7          

        CLASS   BANK8          

        CLASS   BANK9          

        CLASS   BANK10         

        CLASS   BANK11         

        CLASS   BANK12         

        CLASS   BANK13         

        CLASS   BANK14         

        CLASS   SFR            

        CLASS   BIGSFR         

        CLASS   CONFIG         
                config                           300000   300000        C         4

        CLASS   IDLOC          
                idloc                            200000   200000       10         5

        CLASS   EEDATA         

        CLASS   FARRAM         

        CLASS   HEAP           

        CLASS   STACK          



SEGMENTS        Name                           Load    Length   Top    Selector   Space  Class

                reset_vec                      000000  000004  000004         0       0  CODE    
                bssCOMRAM                      000001  00003D  00003E         1       1  COMRAM  
                intcode                        000008  000A5E  000A66         4       0  CODE    


UNUSED ADDRESS RANGES

        Name                Unused          Largest block    Delta
        BANK0            000060-0000FF               A0
        BANK1            000100-0001FF              100
        BANK10           000A00-000AFF              100
        BANK11           000B00-000BFF              100
        BANK12           000C00-000CFF              100
        BANK13           000D00-000DFF              100
        BANK14           000E00-000E87               88
        BANK2            000200-0002FF              100
        BANK3            000300-0003FF              100
        BANK4            000400-0004FF              100
        BANK5            000500-0005FF              100
        BANK6            000600-0006FF              100
        BANK7            000700-0007FF              100
        BANK8            000800-0008FF              100
        BANK9            000900-0009FF              100
        BIGRAM           00003E-000E87              E4A
        BIGSFR           000E8D-000FFF              173
        CODE             000004-000007                4
                         000A66-00FFFF             F59A
        COMRAM           00003E-00005F               22
        CONST            000004-000007                4
                         000A66-00FFFF             F59A
        EEDATA           310000-3103FF              400
        MEDIUMCONST      000F00-00FFFF             F100
        RAM              000060-000E87              100
        SFR              000E8D-000FFF               73
        SMALLCONST       000F00-00FFFF              100

                                  Symbol Table

EraseSensors@i               cstackCOMRAM 000035
I2C2RequestData@function     cstackCOMRAM 000036
I2C2RequestData@readAddr     cstackCOMRAM 000033
I2C2TransmitAddress@addr     cstackCOMRAM 000033
I2C2TransmitData@data        cstackCOMRAM 000033
ReadEEPROM@address           cstackCOMRAM 000033
RequestData@byteCount        cstackCOMRAM 00003B
RequestData@distanceBytes    cstackCOMRAM 000038
RequestData@i                cstackCOMRAM 00003C
RequestData@i2               cstackCOMRAM 00003A
RequestData@lastSensor       cstackCOMRAM 000039
RequestData@sensorID         cstackCOMRAM 000037
SSP1Config@slaveAdd          cstackCOMRAM 000033
StartStatus@ptr              cstackCOMRAM 000034
WriteToEEPROM@address        cstackCOMRAM 000034
WriteToEEPROM@val            cstackCOMRAM 000033
_ANSELA                      (abs)        000F11
_ANSELB                      (abs)        000F19
_ANSELC                      (abs)        000F21
_ANSELD                      (abs)        000F26
_EraseSensors                text21       00096E
_HandleIOC                   text20       000944
_HandleTMR2                  text19       0007CC
_HandleTMR4                  text18       000A62
_I2C1RegIndex                bssCOMRAM    000028
_I2C1Registers               bssCOMRAM    000001
_I2C1RxData                  bssCOMRAM    000026
_I2C1Status                  bssCOMRAM    000027
_I2C1_ISR                    text27       000548
_I2C2Data                    bssCOMRAM    000025
_I2C2RequestData             text14       000432
_I2C2Scan                    text8        0008DA
_I2C2Stop                    text13       000A08
_I2C2TransmitAddress         text12       00077E
_I2C2TransmitData            text11       000860
_ID                          bssCOMRAM    00001E
_INTCONbits                  (abs)        000FF2
_IOCCF                       (abs)        000F1A
_IOCCN                       (abs)        000F1B
_IOCCP                       (abs)        000F1C
_IOCConfig                   text5        000A1C
_IOC_ISR                     text26       000A3C
_ISR                         intcode      000008
_IntConfig                   text17       0009BA
_LATA                        (abs)        000F83
_LATB                        (abs)        000F84
_LATC                        (abs)        000F85
_LATD                        (abs)        000F86
_NVMADR                      (abs)        000F7E
_NVMCON1bits                 (abs)        000F81
_NVMCON2                     (abs)        000F82
_NVMConfig                   text16       000A4A
_NVMDAT                      (abs)        000F80
_PIE0bits                    (abs)        000EC2
_PIE3bits                    (abs)        000EC5
_PIE4bits                    (abs)        000EC6
_PIR0bits                    (abs)        000ECA
_PIR1                        (abs)        000ECB
_PIR2                        (abs)        000ECC
_PIR3                        (abs)        000ECD
_PIR3bits                    (abs)        000ECD
_PIR4                        (abs)        000ECE
_PIR4bits                    (abs)        000ECE
_PIR5                        (abs)        000ECF
_PORTB                       (abs)        000F8E
_PORTC                       (abs)        000F8F
_PPSLOCK                     (abs)        000EA0
_PPSLOCKbits                 (abs)        000EA0
_PortsConfig                 text15       0006B6
_RC0PPS                      (abs)        000EF7
_RC1PPS                      (abs)        000EF8
_RD0PPS                      (abs)        000EFF
_RD1PPS                      (abs)        000F00
_ReadEEPROM                  text10       000A2E
_RequestData                 text9        0002C4
_SSP1ADD                     (abs)        000F93
_SSP1BUF                     (abs)        000F92
_SSP1CLKPPS                  (abs)        000EB7
_SSP1CON1bits                (abs)        000F96
_SSP1CON2bits                (abs)        000F97
_SSP1CON3bits                (abs)        000F98
_SSP1Config                  text4        000818
_SSP1DATPPS                  (abs)        000EB8
_SSP1MSK                     (abs)        000F94
_SSP1STATbits                (abs)        000F95
_SSP2ADD                     (abs)        000E93
_SSP2BUF                     (abs)        000E92
_SSP2CLKPPS                  (abs)        000E8F
_SSP2CON1bits                (abs)        000E96
_SSP2CON2bits                (abs)        000E97
_SSP2Config                  text3        0009F2
_SSP2DATPPS                  (abs)        000E90
_SSP2STATbits                (abs)        000E95
_SaveSensor                  text7        000072
_SearchProcess               text6        00089E
_StartStatus                 text1        00071E
_T2CLKbits                   (abs)        000FBF
_T2CONbits                   (abs)        000FBD
_T2Count                     bssCOMRAM    00002B
_T2Delay                     bssCOMRAM    00002A
_T2HLT                       (abs)        000FBE
_T2PR                        (abs)        000FBC
_T2RST                       (abs)        000FC0
_T4CLKbits                   (abs)        000FB9
_T4CONbits                   (abs)        000FB7
_T4Count                     bssCOMRAM    000029
_T4HLT                       (abs)        000FB8
_T4PR                        (abs)        000FB6
_T4RST                       (abs)        000FBA
_TMR2Config                  text2        000996
_TMR2_ISR                    text25       000A5A
_TMR4_ISR                    text24       000A52
_TRISA                       (abs)        000F88
_TRISB                       (abs)        000F89
_TRISC                       (abs)        000F8A
_TRISD                       (abs)        000F8B
_WriteToEEPROM               text22       000916
__HRAM                       (abs)        000000
__Habs1                      abs1         000000
__Hbank0                     bank0        000000
__Hbank1                     bank1        000000
__Hbank10                    bank10       000000
__Hbank11                    bank11       000000
__Hbank12                    bank12       000000
__Hbank13                    bank13       000000
__Hbank14                    bank14       000000
__Hbank2                     bank2        000000
__Hbank3                     bank3        000000
__Hbank4                     bank4        000000
__Hbank5                     bank5        000000
__Hbank6                     bank6        000000
__Hbank7                     bank7        000000
__Hbank8                     bank8        000000
__Hbank9                     bank9        000000
__Hbigbss                    bigbss       000000
__Hbigdata                   bigdata      000000
__Hbigram                    bigram       000000
__Hbigsfr                    bigsfr       000000
__Hbss                       bss          000000
__HbssCOMRAM                 bssCOMRAM    000000
__Hcinit                     cinit        000000
__Hclrtext                   clrtext      000000
__Hcomram                    comram       000000
__Hconfig                    config       30000C
__Hconst                     const        000000
__HcstackCOMRAM              cstackCOMRAM 000000
__Hdata                      data         000000
__Heeprom_data               eeprom_data  000000
__Hfarbss                    farbss       000000
__Hfardata                   fardata      000000
__Hheap                      heap         000000
__Hibigdata                  ibigdata     000000
__Hidata                     idata        000000
__Hidloc                     idloc        200010
__Hifardata                  ifardata     000000
__Hinit                      init         000072
__Hintcode                   intcode      00006E
__Hintcode_body              intcode_body 000000
__Hintcodelo                 intcodelo    00006E
__Hintentry                  intentry     000000
__Hintret                    intret       000000
__Hintsave_regs              intsave_regs 000000
__Hirdata                    irdata       000000
__Hmediumconst               mediumconst  000000
__HnvFARRAM                  nvFARRAM     000000
__Hnvbit                     nvbit        000000
__Hnvrram                    nvrram       000000
__Hparam                     rparam       000000
__Hpowerup                   powerup      00006E
__Hram                       ram          000000
__Hramtop                    ramtop       000F00
__Hrbit                      rbit         000000
__Hrbss                      rbss         000000
__Hrdata                     rdata        000000
__Hreset_vec                 reset_vec    000004
__Hrparam                    rparam       000000
__Hsfr                       sfr          000000
__Hsmallconst                smallconst   000000
__Hspace_0                   (abs)        000F00
__Hspace_1                   (abs)        00003E
__Hspace_2                   (abs)        000000
__Hspace_4                   (abs)        60000C
__Hstack                     stack        000000
__Hstruct                    struct       000000
__Htemp                      temp         00003E
__Htext                      text         000000
__Htext0                     text0        000000
__Htext1                     text1        000000
__Htext10                    text10       000000
__Htext11                    text11       000000
__Htext12                    text12       000000
__Htext13                    text13       000000
__Htext14                    text14       000000
__Htext15                    text15       000000
__Htext16                    text16       000000
__Htext17                    text17       000000
__Htext18                    text18       000000
__Htext19                    text19       000000
__Htext2                     text2        000000
__Htext20                    text20       000000
__Htext21                    text21       000000
__Htext22                    text22       000000
__Htext24                    text24       000000
__Htext25                    text25       000000
__Htext26                    text26       000000
__Htext27                    text27       000000
__Htext3                     text3        000000
__Htext4                     text4        000000
__Htext5                     text5        000000
__Htext6                     text6        000000
__Htext7                     text7        000000
__Htext8                     text8        000000
__Htext9                     text9        000000
__LRAM                       (abs)        000001
__Labs1                      abs1         000000
__Lbank0                     bank0        000000
__Lbank1                     bank1        000000
__Lbank10                    bank10       000000
__Lbank11                    bank11       000000
__Lbank12                    bank12       000000
__Lbank13                    bank13       000000
__Lbank14                    bank14       000000
__Lbank2                     bank2        000000
__Lbank3                     bank3        000000
__Lbank4                     bank4        000000
__Lbank5                     bank5        000000
__Lbank6                     bank6        000000
__Lbank7                     bank7        000000
__Lbank8                     bank8        000000
__Lbank9                     bank9        000000
__Lbigbss                    bigbss       000000
__Lbigdata                   bigdata      000000
__Lbigram                    bigram       000000
__Lbigsfr                    bigsfr       000000
__Lbss                       bss          000000
__LbssCOMRAM                 bssCOMRAM    000000
__Lcinit                     cinit        000000
__Lclrtext                   clrtext      000000
__Lcomram                    comram       000000
__Lconfig                    config       000000
__Lconst                     const        000000
__LcstackCOMRAM              cstackCOMRAM 000000
__Ldata                      data         000000
__Leeprom_data               eeprom_data  000000
__Lfarbss                    farbss       000000
__Lfardata                   fardata      000000
__Lheap                      heap         000000
__Libigdata                  ibigdata     000000
__Lidata                     idata        000000
__Lidloc                     idloc        000000
__Lifardata                  ifardata     000000
__Linit                      init         00006E
__Lintcode                   intcode      000008
__Lintcode_body              intcode_body 000000
__Lintcodelo                 intcodelo    00006E
__Lintentry                  intentry     000000
__Lintret                    intret       000000
__Lintsave_regs              intsave_regs 000000
__Lirdata                    irdata       000000
__Lmediumconst               mediumconst  000000
__LnvFARRAM                  nvFARRAM     000000
__Lnvbit                     nvbit        000000
__Lnvrram                    nvrram       000000
__Lparam                     rparam       000000
__Lpowerup                   powerup      00006E
__Lram                       ram          000000
__Lramtop                    ramtop       000F00
__Lrbit                      rbit         000000
__Lrbss                      rbss         000000
__Lrdata                     rdata        000000
__Lreset_vec                 reset_vec    000000
__Lrparam                    rparam       000000
__Lsfr                       sfr          000000
__Lsmallconst                smallconst   000000
__Lspace_0                   (abs)        000000
__Lspace_1                   (abs)        000000
__Lspace_2                   (abs)        000000
__Lspace_4                   (abs)        000000
__Lstack                     stack        000000
__Lstruct                    struct       000000
__Ltemp                      temp         00003D
__Ltext                      text         000000
__Ltext0                     text0        000000
__Ltext1                     text1        000000
__Ltext10                    text10       000000
__Ltext11                    text11       000000
__Ltext12                    text12       000000
__Ltext13                    text13       000000
__Ltext14                    text14       000000
__Ltext15                    text15       000000
__Ltext16                    text16       000000
__Ltext17                    text17       000000
__Ltext18                    text18       000000
__Ltext19                    text19       000000
__Ltext2                     text2        000000
__Ltext20                    text20       000000
__Ltext21                    text21       000000
__Ltext22                    text22       000000
__Ltext24                    text24       000000
__Ltext25                    text25       000000
__Ltext26                    text26       000000
__Ltext27                    text27       000000
__Ltext3                     text3        000000
__Ltext4                     text4        000000
__Ltext5                     text5        000000
__Ltext6                     text6        000000
__Ltext7                     text7        000000
__Ltext8                     text8        000000
__Ltext9                     text9        000000
__S0                         (abs)        000A66
__S1                         (abs)        00003E
__S4                         (abs)        000000
__S5                         (abs)        000000
___heap_hi                   (abs)        000000
___heap_lo                   (abs)        000000
___inthi_sp                  stack        000000
___intlo_sp                  stack        000000
___param_bank                (abs)        000000
___rparam_used               (abs)        000001
___sp                        stack        000000
__accesstop                  (abs)        000060
__activetblptr               (abs)        000002
__end_of_EraseSensors        text21       000996
__end_of_HandleIOC           text20       00096E
__end_of_HandleTMR2          text19       000818
__end_of_HandleTMR4          text18       000A66
__end_of_I2C1_ISR            text27       000626
__end_of_I2C2RequestData     text14       000548
__end_of_I2C2Scan            text8        000916
__end_of_I2C2Stop            text13       000A1C
__end_of_I2C2TransmitAddress text12       0007CC
__end_of_I2C2TransmitData    text11       00089E
__end_of_IOCConfig           text5        000A2E
__end_of_IOC_ISR             text26       000A4A
__end_of_ISR                 intcode      00006E
__end_of_IntConfig           text17       0009D8
__end_of_NVMConfig           text16       000A52
__end_of_PortsConfig         text15       00071E
__end_of_ReadEEPROM          text10       000A3C
__end_of_RequestData         text9        000432
__end_of_SSP1Config          text4        000860
__end_of_SSP2Config          text3        000A08
__end_of_SaveSensor          text7        0002C4
__end_of_SearchProcess       text6        0008DA
__end_of_StartStatus         text1        00077E
__end_of_TMR2Config          text2        0009BA
__end_of_TMR2_ISR            text25       000A62
__end_of_TMR4_ISR            text24       000A5A
__end_of_WriteToEEPROM       text22       000944
__end_of__initialization     cinit        0009E4
__end_of_main                text0        0006B6
__initialization             cinit        0009D8
__mediumconst                mediumconst  000000
__pbssCOMRAM                 bssCOMRAM    000001
__pcinit                     cinit        0009D8
__pcstackCOMRAM              cstackCOMRAM 00002F
__pintcode                   intcode      000008
__ptext0                     text0        000626
__ptext1                     text1        00071E
__ptext10                    text10       000A2E
__ptext11                    text11       000860
__ptext12                    text12       00077E
__ptext13                    text13       000A08
__ptext14                    text14       000432
__ptext15                    text15       0006B6
__ptext16                    text16       000A4A
__ptext17                    text17       0009BA
__ptext18                    text18       000A62
__ptext19                    text19       0007CC
__ptext2                     text2        000996
__ptext20                    text20       000944
__ptext21                    text21       00096E
__ptext22                    text22       000916
__ptext24                    text24       000A52
__ptext25                    text25       000A5A
__ptext26                    text26       000A3C
__ptext27                    text27       000548
__ptext3                     text3        0009F2
__ptext4                     text4        000818
__ptext5                     text5        000A1C
__ptext6                     text6        00089E
__ptext7                     text7        000072
__ptext8                     text8        0008DA
__ptext9                     text9        0002C4
__ramtop                     ramtop       000F00
__smallconst                 smallconst   000000
_distData                    bssCOMRAM    000022
_main                        text0        000626
_pFlag                       bssCOMRAM    00002E
_scanAddress                 bssCOMRAM    00002D
_sensorEEADR                 bssCOMRAM    00002C
btemp                        temp         00003D
end_of_initialization        cinit        0009E4
int$flags                    temp         00003D
intlevel0                    text         000000
intlevel1                    text         000000
intlevel2                    text         000000
intlevel3                    text         000000
isa$std                      (abs)        000001
isa$xinst                    (abs)        000000
stackhi                      (abs)        000000
stacklo                      (abs)        000000
start                        init         00006E
start_initialization         cinit        0009D8
ttemp5                       temp         00003E
ttemp6                       temp         000041
ttemp7                       temp         000045
wtemp8                       temp         00003E


MODULE INFORMATION

Module		Function		Class		Link	Load	Size
shared
		__initialization		CODE           	09D8	0000	12

shared estimated size: 12

SensorBoard.c
		_TMR2_ISR      		CODE           	0A5A	0000	8
		_IntConfig     		CODE           	09BA	0000	30
		_SearchProcess 		CODE           	089E	0000	60
		_IOC_ISR       		CODE           	0A3C	0000	14
		_I2C2TransmitAddress		CODE           	077E	0000	78
		_ISR           		CODE           	0008	0000	102
		_I2C2Scan      		CODE           	08DA	0000	60
		_TMR4_ISR      		CODE           	0A52	0000	8
		_I2C2RequestData		CODE           	0432	0000	278
		_main          		CODE           	0626	0000	144
		_IOCConfig     		CODE           	0A1C	0000	18
		_HandleTMR2    		CODE           	07CC	0000	76
		_HandleTMR4    		CODE           	0A62	0000	4
		_PortsConfig   		CODE           	06B6	0000	104
		_SaveSensor    		CODE           	0072	0000	594
		_ReadEEPROM    		CODE           	0A2E	0000	14
		_I2C1_ISR      		CODE           	0548	0000	222
		_I2C2TransmitData		CODE           	0860	0000	62
		_I2C2Stop      		CODE           	0A08	0000	20
		_WriteToEEPROM 		CODE           	0916	0000	46
		_StartStatus   		CODE           	071E	0000	96
		_SSP1Config    		CODE           	0818	0000	72
		_HandleIOC     		CODE           	0944	0000	42
		_EraseSensors  		CODE           	096E	0000	40
		_RequestData   		CODE           	02C4	0000	366
		_TMR2Config    		CODE           	0996	0000	36
		_SSP2Config    		CODE           	09F2	0000	22
		_NVMConfig     		CODE           	0A4A	0000	8

SensorBoard.c estimated size: 2624

